Microchip MPLAB XC8 Compiler V2.41

Linker command line:

-W-3 \
  --edf=C:/Program Files/Microchip/MPLABX/v6.10/packs/Microchip/PIC16Fxxx_DFP/1.4.149/xc8\pic\dat\20230322214319_en.msgs \
  -cn -h+dist/default/production\MASTER.X.production.sym \
  --cmf=dist/default/production\MASTER.X.production.cmf -z -Q16F877A \
  -oC:\Users\velmu\AppData\Local\Temp\xcAs8gs.\driver_tmp_3.o \
  --defsym=__MPLAB_BUILD=1 --fixupoverflow=error \
  -Mdist/default/production/MASTER.X.production.map \
  --md=C:\Users\velmu\AppData\Local\Temp\xcAs8gs.\driver_tmp_0.dat -E1 \
  -ver=XC8 Compiler --acfsm=1493 -ACODE=00h-07FFhx4 -ASTRCODE=00h-01FFFh \
  -ASTRING=00h-0FFhx32 -ACONST=00h-0FFhx32 -AENTRY=00h-0FFhx32 \
  -ACOMMON=070h-07Fh -ABANK0=020h-06Fh -ABANK1=0A0h-0EFh \
  -ABANK2=0110h-016Fh -ABANK3=0190h-01EFh \
  -ARAM=020h-06Fh,0A0h-0EFh,0110h-016Fh,0190h-01EFh \
  -AABS1=020h-07Fh,0A0h-0EFh,0110h-016Fh,0190h-01EFh -ASFR0=00h-01Fh \
  -ASFR1=080h-09Fh -ASFR2=0100h-010Fh -ASFR3=0180h-018Fh \
  -ACONFIG=02007h-02007h -DCONFIG=2 -AIDLOC=02000h-02003h -DIDLOC=2 \
  -AEEDATA=00h-0FFh/02100h -peeprom_data=EEDATA -DEEDATA=2 -DCODE=2 \
  -DSTRCODE=2 -DSTRING=2 -DCONST=2 -DENTRY=2 \
  -preset_vec=00h,intentry,init,end_init -ppowerup=CODE -pcinit=CODE \
  -pfunctab=ENTRY -k \
  C:\Users\velmu\AppData\Local\Temp\xcAs8gs.\driver_tmp_12.o \
  dist/default/production\MASTER.X.production.o 

Object code version is 3.11

Machine type is 16F877A



                Name                               Link     Load   Length Selector   Space Scale
C:\Users\velmu\AppData\Local\Temp\xcAs8gs.\driver_tmp_12.o
                end_init                              0        0        3        0       0
                config                             2007     2007        1        0       4
dist/default/production\MASTER.X.production.o
                cinit                               7EA      7EA       16      FD4       0
                config                             2007     2007        1        0       4
                text15                              5B7      5B7        F      B6E       0
                text14                              5AA      5AA        D      B54       0
                text13                              592      592        C      B24       0
                text12                              59E      59E        C      B3C       0
                text11                              64C      64C       2B      C98       0
                text10                              577      577        9      AEE       0
                text9                               62E      62E       1E      C5C       0
                text8                               70D      70D       64      E1A       0
                text7                               677      677       3F      CEE       0
                text6                               580      580        9      B00       0
                text5                               589      589        9      B12       0
                text4                               616      616       18      C2C       0
                text3                               6B6      6B6       57      D6C       0
                text2                               5EA      5EA       15      BD4       0
                text1                               5FF      5FF       17      BFE       0
                maintext                            771      771       79      EE2       0
                cstackBANK0                          35       35        3       20       1
                cstackCOMMON                         70       70        E       70       1
                inittext                            5D7      5D7       13      BAE       0
                dataBANK0                            20       20       11       20       1
                bssBANK0                             31       31        4       20       1
                idataBANK0                          5C6      5C6       11      B8C       0

TOTAL           Name                               Link     Load   Length     Space
        CLASS   CODE           
                end_init                              0        0        3         0
                cinit                               7EA      7EA       16         0
                text15                              5B7      5B7        F         0
                text14                              5AA      5AA        D         0
                text13                              592      592        C         0
                text12                              59E      59E        C         0
                text11                              64C      64C       2B         0
                text10                              577      577        9         0
                text9                               62E      62E       1E         0
                text8                               70D      70D       64         0
                text7                               677      677       3F         0
                text6                               580      580        9         0
                text5                               589      589        9         0
                text4                               616      616       18         0
                text3                               6B6      6B6       57         0
                text2                               5EA      5EA       15         0
                text1                               5FF      5FF       17         0
                maintext                            771      771       79         0
                inittext                            5D7      5D7       13         0
                idataBANK0                          5C6      5C6       11         0

        CLASS   STRCODE        

        CLASS   STRING         

        CLASS   CONST          

        CLASS   ENTRY          

        CLASS   COMMON         
                cstackCOMMON                         70       70        E         1

        CLASS   BANK0          
                cstackBANK0                          35       35        3         1
                dataBANK0                            20       20       11         1
                bssBANK0                             31       31        4         1

        CLASS   BANK1          

        CLASS   BANK2          

        CLASS   BANK3          

        CLASS   RAM            

        CLASS   ABS1           
                abs_s1                               7E       7E        2         1

        CLASS   SFR0           

        CLASS   SFR1           

        CLASS   SFR2           

        CLASS   SFR3           

        CLASS   CONFIG         
                config                             2007     2007        1         4

        CLASS   IDLOC          

        CLASS   EEDATA         

        CLASS   STACK          



SEGMENTS        Name                           Load    Length   Top    Selector   Space  Class     Delta

                reset_vec                      000000  000003  000003         0       0  CODE        2
                dataBANK0                      000020  000018  000038        20       1  BANK0       1
                cstackCOMMON                   000070  00000E  00007E        70       1  COMMON      1
                text10                         000577  000009  000580       AEE       0  CODE        2
                text6                          000580  000009  000589       B00       0  CODE        2
                text5                          000589  000009  000592       B12       0  CODE        2
                text13                         000592  00000C  00059E       B24       0  CODE        2
                text12                         00059E  00000C  0005AA       B3C       0  CODE        2
                text14                         0005AA  00000D  0005B7       B54       0  CODE        2
                text15                         0005B7  00000F  0005C6       B6E       0  CODE        2
                idataBANK0                     0005C6  000011  0005D7       B8C       0  CODE        2
                inittext                       0005D7  000013  0005EA       BAE       0  CODE        2
                text2                          0005EA  000015  0005FF       BD4       0  CODE        2
                text1                          0005FF  000017  000616       BFE       0  CODE        2
                text4                          000616  000018  00062E       C2C       0  CODE        2
                text9                          00062E  00001E  00064C       C5C       0  CODE        2
                text11                         00064C  00002B  000677       C98       0  CODE        2
                text7                          000677  00003F  0006B6       CEE       0  CODE        2
                text3                          0006B6  000057  00070D       D6C       0  CODE        2
                text8                          00070D  000064  000771       E1A       0  CODE        2
                maintext                       000771  000079  0007EA       EE2       0  CODE        2
                cinit                          0007EA  000016  000800       FD4       0  CODE        2


UNUSED ADDRESS RANGES

        Name                Unused          Largest block    Delta
        BANK0            0038-006F             38           1
        BANK1            00A0-00EF             50           1
        BANK2            0110-016F             60           1
        BANK3            0190-01EF             60           1
        CODE             0003-0576            574           2
                         0800-1FFF            800
        CONST            0003-0576            100           2
                         0800-1FFF            100
        EEDATA           2100-21FF            100           2
        ENTRY            0003-0576            100           2
                         0800-1FFF            100
        IDLOC            2000-2003              4           2
        RAM              0038-006F             38           1
                         00A0-00EF             50
                         0110-016F             60
                         0190-01EF             60
        SFR0             0000-001F             20           1
        SFR1             0080-009F             20           1
        SFR2             0100-010F             10           1
        SFR3             0180-018F             10           1
        STRCODE          0003-0576            574           2
                         0800-1FFF           1800
        STRING           0003-0576            100           2
                         0800-1FFF            100

                                  Symbol Table

?_I2C_Write_Data           cstackCOMMON 0070
I2C_Page_Read@Device_add   cstackCOMMON 0077
I2C_Page_Read@Reg_add      cstackCOMMON 0078
I2C_Page_Read@Size         cstackCOMMON 0075
I2C_Page_Read@i            cstackCOMMON 007C
I2C_Page_Read@result       cstackCOMMON 007B
I2C_Page_Write@Device_add  cstackCOMMON 0075
I2C_Page_Write@Reg_add     cstackCOMMON 0076
I2C_Page_Write@data        cstackCOMMON 0079
I2C_Read_Data@flag         cstackCOMMON 0070
I2C_Write_Data@data        cstackCOMMON 0074
Lcd_Cmd@cmd                cstackCOMMON 0072
Lcd_Data@data              cstackCOMMON 0072
Lcd_Print@x                cstackCOMMON 0073
_ACKDT                     (abs)        048D
_ACKEN                     (abs)        048C
_ACKSTAT                   (abs)        048E
_CKE                       (abs)        04A6
_I2C_ACK                   text13       0592
_I2C_Master_Init           text15       05B7
_I2C_NACK                  text12       059E
_I2C_Page_Read             text8        070D
_I2C_Page_Write            text7        0677
_I2C_Read_Data             text11       064C
_I2C_Repeat_Start          text10       0577
_I2C_Start                 text6        0580
_I2C_Stop                  text5        0589
_I2C_Wait                  text14       05AA
_I2C_Write_Data            text9        062E
_Lcd_Cmd                   text4        0616
_Lcd_Configuration         text3        06B6
_Lcd_Data                  text2        05EA
_Lcd_Print                 text1        05FF
_PEN                       (abs)        048A
_PORTC                     (abs)        0007
_PORTD                     (abs)        0008
_RCEN                      (abs)        048B
_READ_WRITE                (abs)        04A2
_RSEN                      (abs)        0489
_Read                      dataBANK0    0027
_SEN                       (abs)        0488
_SMP                       (abs)        04A7
_SSPADD                    (abs)        0093
_SSPBUF                    (abs)        0013
_SSPCON                    (abs)        0014
_SSPCON2                   (abs)        0091
_SSPEN                     (abs)        00A5
_SSPIF                     (abs)        0063
_TRISC                     (abs)        0087
_TRISC3                    (abs)        043B
_TRISC4                    (abs)        043C
_TRISD                     (abs)        0088
_Word                      dataBANK0    002D
_Write                     dataBANK0    0020
__H__absolute__            __absolute__ 0000
__Habs1                    abs1         0000
__Hbank0                   bank0        0000
__Hbank1                   bank1        0000
__Hbank2                   bank2        0000
__Hbank3                   bank3        0000
__HbssBANK0                bssBANK0     0000
__Hcinit                   cinit        0800
__Hclrtext                 clrtext      0000
__Hcode                    code         0000
__Hcommon                  common       0000
__Hconfig                  config       2008
__HcstackBANK0             cstackBANK0  0000
__HcstackCOMMON            cstackCOMMON 0000
__HdataBANK0               dataBANK0    0000
__Heeprom_data             eeprom_data  0000
__Hend_init                end_init     0003
__Hfunctab                 functab      0000
__HidataBANK0              idataBANK0   0000
__Hinit                    init         0000
__Hinittext                inittext     0000
__Hintentry                intentry     0000
__Hmaintext                maintext     0000
__Hpowerup                 powerup      0000
__Hram                     ram          0000
__Hreset_vec               reset_vec    0000
__Hsfr0                    sfr0         0000
__Hsfr1                    sfr1         0000
__Hsfr2                    sfr2         0000
__Hsfr3                    sfr3         0000
__Hspace_0                 (abs)        0800
__Hspace_1                 (abs)        007E
__Hspace_2                 (abs)        0000
__Hspace_3                 (abs)        0000
__Hspace_4                 (abs)        400F
__Hstack                   stack        0000
__Hstrings                 strings      0000
__Htext                    text         0000
__L__absolute__            __absolute__ 0000
__Labs1                    abs1         0000
__Lbank0                   bank0        0000
__Lbank1                   bank1        0000
__Lbank2                   bank2        0000
__Lbank3                   bank3        0000
__LbssBANK0                bssBANK0     0000
__Lcinit                   cinit        07EA
__Lclrtext                 clrtext      0000
__Lcode                    code         0000
__Lcommon                  common       0000
__Lconfig                  config       0000
__LcstackBANK0             cstackBANK0  0000
__LcstackCOMMON            cstackCOMMON 0000
__LdataBANK0               dataBANK0    0000
__Leeprom_data             eeprom_data  0000
__Lend_init                end_init     0000
__Lfunctab                 functab      0000
__LidataBANK0              idataBANK0   0000
__Linit                    init         0000
__Linittext                inittext     0000
__Lintentry                intentry     0000
__Lmaintext                maintext     0000
__Lpowerup                 powerup      0000
__Lram                     ram          0000
__Lreset_vec               reset_vec    0000
__Lsfr0                    sfr0         0000
__Lsfr1                    sfr1         0000
__Lsfr2                    sfr2         0000
__Lsfr3                    sfr3         0000
__Lspace_0                 (abs)        0000
__Lspace_1                 (abs)        0000
__Lspace_2                 (abs)        0000
__Lspace_3                 (abs)        0000
__Lspace_4                 (abs)        0000
__Lstack                   stack        0000
__Lstrings                 strings      0000
__Ltext                    text         0000
__S0                       (abs)        0800
__S1                       (abs)        007E
__S3                       (abs)        0000
___int_sp                  stack        0000
___latbits                 (abs)        0002
___sp                      stack        0000
___stackhi                 (abs)        0000
___stacklo                 (abs)        0000
__end_of_I2C_ACK           text13       059E
__end_of_I2C_Master_Init   text15       05C6
__end_of_I2C_NACK          text12       05AA
__end_of_I2C_Page_Read     text8        0771
__end_of_I2C_Page_Write    text7        06B6
__end_of_I2C_Read_Data     text11       0677
__end_of_I2C_Repeat_Start  text10       0580
__end_of_I2C_Start         text6        0589
__end_of_I2C_Stop          text5        0592
__end_of_I2C_Wait          text14       05B7
__end_of_I2C_Write_Data    text9        064C
__end_of_Lcd_Cmd           text4        062E
__end_of_Lcd_Configuration text3        070D
__end_of_Lcd_Data          text2        05FF
__end_of_Lcd_Print         text1        0616
__end_of__initialization   cinit        07FC
__end_of_main              maintext     07EA
__initialization           cinit        07EA
__pbssBANK0                bssBANK0     0031
__pcstackBANK0             cstackBANK0  0035
__pcstackCOMMON            cstackCOMMON 0070
__pdataBANK0               dataBANK0    0020
__pidataBANK0              idataBANK0   05C6
__pmaintext                maintext     0771
__ptext1                   text1        05FF
__ptext10                  text10       0577
__ptext11                  text11       064C
__ptext12                  text12       059E
__ptext13                  text13       0592
__ptext14                  text14       05AA
__ptext15                  text15       05B7
__ptext2                   text2        05EA
__ptext3                   text3        06B6
__ptext4                   text4        0616
__ptext5                   text5        0589
__ptext6                   text6        0580
__ptext7                   text7        0677
__ptext8                   text8        070D
__ptext9                   text9        062E
_buff                      bssBANK0     0031
_main                      maintext     0771
_result                    bssBANK0     0032
btemp                      (abs)        007E
end_of_initialization      cinit        07FC
init_fetch0                inittext     05D7
init_ram0                  inittext     05DB
intlevel0                  functab      0000
intlevel1                  functab      0000
intlevel2                  functab      0000
intlevel3                  functab      0000
intlevel4                  functab      0000
intlevel5                  functab      0000
reset_vec                  reset_vec    0000
start                      init         0000
start_initialization       cinit        07EA
wtemp0                     (abs)        007E


MODULE INFORMATION

Module		Function		Class		Link	Load	Size
I2C.c
		_I2C_Repeat_Start		CODE           	0577	0000	9
		_I2C_Page_Read 		CODE           	070D	0000	100
		_I2C_Page_Write		CODE           	0677	0000	63
		_I2C_Master_Init		CODE           	05B7	0000	15
		_I2C_Stop      		CODE           	0589	0000	9
		_I2C_Wait      		CODE           	05AA	0000	13
		_I2C_Write_Data		CODE           	062E	0000	30
		_I2C_Read_Data 		CODE           	064C	0000	43
		_I2C_ACK       		CODE           	0592	0000	12
		_I2C_NACK      		CODE           	059E	0000	12
		_I2C_Start     		CODE           	0580	0000	9

I2C.c estimated size: 315

shared
		__initialization		CODE           	07EA	0000	18

shared estimated size: 18

I2C_MASTER.c
		_main          		CODE           	0771	0000	121

I2C_MASTER.c estimated size: 121

LCD.c
		_Lcd_Configuration		CODE           	06B6	0000	87
		_Lcd_Cmd       		CODE           	0616	0000	24
		_Lcd_Data      		CODE           	05EA	0000	21
		_Lcd_Print     		CODE           	05FF	0000	23

LCD.c estimated size: 155

