Microchip MPLAB XC8 Compiler V2.41

Linker command line:

-W-3 \
  --edf=C:/Program Files/Microchip/MPLABX/v6.10/packs/Microchip/PIC16Fxxx_DFP/1.4.149/xc8\pic\dat\20230322214319_en.msgs \
  -cn -h+dist/default/production\Lcd_ADD_SUB.X.production.sym \
  --cmf=dist/default/production\Lcd_ADD_SUB.X.production.cmf -z -Q16F877A \
  -oC:\Users\velmu\AppData\Local\Temp\xcAs73g.\driver_tmp_3.o \
  --defsym=__MPLAB_BUILD=1 --fixupoverflow=error \
  -Mdist/default/production/Lcd_ADD_SUB.X.production.map \
  --md=C:\Users\velmu\AppData\Local\Temp\xcAs73g.\driver_tmp_0.dat -E1 \
  -ver=XC8 Compiler --acfsm=1493 -ACODE=00h-07FFhx4 -ASTRCODE=00h-01FFFh \
  -ASTRING=00h-0FFhx32 -ACONST=00h-0FFhx32 -AENTRY=00h-0FFhx32 \
  -ACOMMON=070h-07Fh -ABANK0=020h-06Fh -ABANK1=0A0h-0EFh \
  -ABANK2=0110h-016Fh -ABANK3=0190h-01EFh \
  -ARAM=020h-06Fh,0A0h-0EFh,0110h-016Fh,0190h-01EFh \
  -AABS1=020h-07Fh,0A0h-0EFh,0110h-016Fh,0190h-01EFh -ASFR0=00h-01Fh \
  -ASFR1=080h-09Fh -ASFR2=0100h-010Fh -ASFR3=0180h-018Fh \
  -ACONFIG=02007h-02007h -DCONFIG=2 -AIDLOC=02000h-02003h -DIDLOC=2 \
  -AEEDATA=00h-0FFh/02100h -peeprom_data=EEDATA -DEEDATA=2 -DCODE=2 \
  -DSTRCODE=2 -DSTRING=2 -DCONST=2 -DENTRY=2 \
  -preset_vec=00h,intentry,init,end_init -ppowerup=CODE -pcinit=CODE \
  -pfunctab=ENTRY -k \
  C:\Users\velmu\AppData\Local\Temp\xcAs73g.\driver_tmp_12.o \
  dist/default/production\Lcd_ADD_SUB.X.production.o 

Object code version is 3.11

Machine type is 16F877A



                Name                               Link     Load   Length Selector   Space Scale
C:\Users\velmu\AppData\Local\Temp\xcAs73g.\driver_tmp_12.o
                end_init                              0        0        3        0       0
                config                             2007     2007        1        0       4
dist/default/production\Lcd_ADD_SUB.X.production.o
                cinit                               7DE      7DE       22      FBC       0
                config                             2007     2007        1        0       4
                text8                               5C9      5C9       14      B92       0
                text7                               5DD      5DD       17      BBA       0
                text6                               777      777       67      EEE       0
                text5                               71E      71E       59      E3C       0
                text4                               6CC      6CC       52      D98       0
                text3                               5F4      5F4       17      BE8       0
                text2                               630      630       4B      C60       0
                text1                               60B      60B       25      C16       0
                maintext                            67B      67B       51      CF6       0
                cstackCOMMON                         70       70        C       70       1
                inittext                            5B6      5B6       13      B6C       0
                dataBANK0                            2E       2E        8       20       1
                bssBANK0                             20       20        E       20       1
                bssCOMMON                            7C       7C        2       70       1
                idataBANK0                          5AE      5AE        8      B5C       0

TOTAL           Name                               Link     Load   Length     Space
        CLASS   CODE           
                end_init                              0        0        3         0
                cinit                               7DE      7DE       22         0
                text8                               5C9      5C9       14         0
                text7                               5DD      5DD       17         0
                text6                               777      777       67         0
                text5                               71E      71E       59         0
                text4                               6CC      6CC       52         0
                text3                               5F4      5F4       17         0
                text2                               630      630       4B         0
                text1                               60B      60B       25         0
                maintext                            67B      67B       51         0
                inittext                            5B6      5B6       13         0
                idataBANK0                          5AE      5AE        8         0

        CLASS   STRCODE        

        CLASS   STRING         

        CLASS   CONST          

        CLASS   ENTRY          

        CLASS   COMMON         
                cstackCOMMON                         70       70        C         1
                bssCOMMON                            7C       7C        2         1

        CLASS   BANK0          
                dataBANK0                            2E       2E        8         1
                bssBANK0                             20       20        E         1

        CLASS   BANK1          

        CLASS   BANK2          

        CLASS   BANK3          

        CLASS   RAM            

        CLASS   ABS1           
                abs_s1                               7E       7E        2         1

        CLASS   SFR0           

        CLASS   SFR1           

        CLASS   SFR2           

        CLASS   SFR3           

        CLASS   CONFIG         
                config                             2007     2007        1         4

        CLASS   IDLOC          

        CLASS   EEDATA         

        CLASS   STACK          



SEGMENTS        Name                           Load    Length   Top    Selector   Space  Class     Delta

                reset_vec                      000000  000003  000003         0       0  CODE        2
                bssBANK0                       000020  000016  000036        20       1  BANK0       1
                cstackCOMMON                   000070  00000E  00007E        70       1  COMMON      1
                idataBANK0                     0005AE  000008  0005B6       B5C       0  CODE        2
                inittext                       0005B6  000013  0005C9       B6C       0  CODE        2
                text8                          0005C9  000014  0005DD       B92       0  CODE        2
                text7                          0005DD  000017  0005F4       BBA       0  CODE        2
                text3                          0005F4  000017  00060B       BE8       0  CODE        2
                text1                          00060B  000025  000630       C16       0  CODE        2
                text2                          000630  00004B  00067B       C60       0  CODE        2
                maintext                       00067B  000051  0006CC       CF6       0  CODE        2
                text4                          0006CC  000052  00071E       D98       0  CODE        2
                text5                          00071E  000059  000777       E3C       0  CODE        2
                text6                          000777  000067  0007DE       EEE       0  CODE        2
                cinit                          0007DE  000022  000800       FBC       0  CODE        2


UNUSED ADDRESS RANGES

        Name                Unused          Largest block    Delta
        BANK0            0036-006F             3A           1
        BANK1            00A0-00EF             50           1
        BANK2            0110-016F             60           1
        BANK3            0190-01EF             60           1
        CODE             0003-05AD            5AB           2
                         0800-1FFF            800
        CONST            0003-05AD            100           2
                         0800-1FFF            100
        EEDATA           2100-21FF            100           2
        ENTRY            0003-05AD            100           2
                         0800-1FFF            100
        IDLOC            2000-2003              4           2
        RAM              0036-006F             3A           1
                         00A0-00EF             50
                         0110-016F             60
                         0190-01EF             60
        SFR0             0000-001F             20           1
        SFR1             0080-009F             20           1
        SFR2             0100-010F             10           1
        SFR3             0180-018F             10           1
        STRCODE          0003-05AD            5AB           2
                         0800-1FFF           1800
        STRING           0003-05AD            100           2
                         0800-1FFF            100

                                  Symbol Table

?___awdiv                cstackCOMMON 0070
?___awmod                cstackCOMMON 0070
?___wmul                 cstackCOMMON 0070
Atoi@number              cstackCOMMON 0078
Atoi@temp                cstackCOMMON 007A
Lcd_displaydata@data     cstackCOMMON 0072
Lcd_instruction@cmd      cstackCOMMON 0072
WriteFunction@j          cstackCOMMON 0073
_Atoi                    text4        06CC
_Configuration           text2        0630
_Lcd_displaydata         text8        05C9
_Lcd_instruction         text3        05F4
_PORTC                   (abs)        0007
_PORTD                   (abs)        0008
_TRISC                   (abs)        0087
_TRISD                   (abs)        0088
_WriteFunction           text7        05DD
__H__absolute__          __absolute__ 0000
__Habs1                  abs1         0000
__Hbank0                 bank0        0000
__Hbank1                 bank1        0000
__Hbank2                 bank2        0000
__Hbank3                 bank3        0000
__HbssBANK0              bssBANK0     0000
__HbssCOMMON             bssCOMMON    0000
__Hcinit                 cinit        0800
__Hclrtext               clrtext      0000
__Hcode                  code         0000
__Hcommon                common       0000
__Hconfig                config       2008
__HcstackCOMMON          cstackCOMMON 0000
__HdataBANK0             dataBANK0    0000
__Heeprom_data           eeprom_data  0000
__Hend_init              end_init     0003
__Hfunctab               functab      0000
__HidataBANK0            idataBANK0   0000
__Hinit                  init         0000
__Hinittext              inittext     0000
__Hintentry              intentry     0000
__Hmaintext              maintext     0000
__Hpowerup               powerup      0000
__Hram                   ram          0000
__Hreset_vec             reset_vec    0000
__Hsfr0                  sfr0         0000
__Hsfr1                  sfr1         0000
__Hsfr2                  sfr2         0000
__Hsfr3                  sfr3         0000
__Hspace_0               (abs)        0800
__Hspace_1               (abs)        007E
__Hspace_2               (abs)        0000
__Hspace_3               (abs)        0000
__Hspace_4               (abs)        400F
__Hstack                 stack        0000
__Hstrings               strings      0000
__Htext                  text         0000
__L__absolute__          __absolute__ 0000
__Labs1                  abs1         0000
__Lbank0                 bank0        0000
__Lbank1                 bank1        0000
__Lbank2                 bank2        0000
__Lbank3                 bank3        0000
__LbssBANK0              bssBANK0     0000
__LbssCOMMON             bssCOMMON    0000
__Lcinit                 cinit        07DE
__Lclrtext               clrtext      0000
__Lcode                  code         0000
__Lcommon                common       0000
__Lconfig                config       0000
__LcstackCOMMON          cstackCOMMON 0000
__LdataBANK0             dataBANK0    0000
__Leeprom_data           eeprom_data  0000
__Lend_init              end_init     0000
__Lfunctab               functab      0000
__LidataBANK0            idataBANK0   0000
__Linit                  init         0000
__Linittext              inittext     0000
__Lintentry              intentry     0000
__Lmaintext              maintext     0000
__Lpowerup               powerup      0000
__Lram                   ram          0000
__Lreset_vec             reset_vec    0000
__Lsfr0                  sfr0         0000
__Lsfr1                  sfr1         0000
__Lsfr2                  sfr2         0000
__Lsfr3                  sfr3         0000
__Lspace_0               (abs)        0000
__Lspace_1               (abs)        0000
__Lspace_2               (abs)        0000
__Lspace_3               (abs)        0000
__Lspace_4               (abs)        0000
__Lstack                 stack        0000
__Lstrings               strings      0000
__Ltext                  text         0000
__S0                     (abs)        0800
__S1                     (abs)        007E
__S3                     (abs)        0000
___awdiv                 text6        0777
___awdiv@counter         cstackCOMMON 0074
___awdiv@dividend        cstackCOMMON 0072
___awdiv@divisor         cstackCOMMON 0070
___awdiv@quotient        cstackCOMMON 0076
___awdiv@sign            cstackCOMMON 0075
___awmod                 text5        071E
___awmod@counter         cstackCOMMON 0074
___awmod@dividend        cstackCOMMON 0072
___awmod@divisor         cstackCOMMON 0070
___awmod@sign            cstackCOMMON 0075
___int_sp                stack        0000
___latbits               (abs)        0002
___sp                    stack        0000
___stackhi               (abs)        0000
___stacklo               (abs)        0000
___wmul                  text1        060B
___wmul@multiplicand     cstackCOMMON 0072
___wmul@multiplier       cstackCOMMON 0070
___wmul@product          cstackCOMMON 0074
__end_of_Atoi            text4        071E
__end_of_Configuration   text2        067B
__end_of_Lcd_displaydata text8        05DD
__end_of_Lcd_instruction text3        060B
__end_of_WriteFunction   text7        05F4
__end_of___awdiv         text6        07DE
__end_of___awmod         text5        0777
__end_of___wmul          text1        0630
__end_of__initialization cinit        07FC
__end_of_main            maintext     06CC
__initialization         cinit        07DE
__pbssBANK0              bssBANK0     0020
__pbssCOMMON             bssCOMMON    007C
__pcstackCOMMON          cstackCOMMON 0070
__pdataBANK0             dataBANK0    002E
__pidataBANK0            idataBANK0   05AE
__pmaintext              maintext     067B
__ptext1                 text1        060B
__ptext2                 text2        0630
__ptext3                 text3        05F4
__ptext4                 text4        06CC
__ptext5                 text5        071E
__ptext6                 text6        0777
__ptext7                 text7        05DD
__ptext8                 text8        05C9
_array                   bssBANK0     0020
_i                       bssBANK0     002C
_main                    maintext     067B
_result                  bssCOMMON    007C
btemp                    (abs)        007E
end_of_initialization    cinit        07FC
init_fetch0              inittext     05B6
init_ram0                inittext     05BA
intlevel0                functab      0000
intlevel1                functab      0000
intlevel2                functab      0000
intlevel3                functab      0000
intlevel4                functab      0000
intlevel5                functab      0000
reset_vec                reset_vec    0000
start                    init         0000
start_initialization     cinit        07DE
wtemp0                   (abs)        007E


MODULE INFORMATION

Module		Function		Class		Link	Load	Size
C:\Program Files\Microchip\xc8\v2.41\pic\sources\c90\common\Umul16.c
		___wmul        		CODE           	060B	0000	37

C:\Program Files\Microchip\xc8\v2.41\pic\sources\c90\common\Umul16.c estimated size: 37

C:\Program Files\Microchip\xc8\v2.41\pic\sources\c90\common\awdiv.c
		___awdiv       		CODE           	0777	0000	103

C:\Program Files\Microchip\xc8\v2.41\pic\sources\c90\common\awdiv.c estimated size: 103

shared
		__initialization		CODE           	07DE	0000	30

shared estimated size: 30

C:\Program Files\Microchip\xc8\v2.41\pic\sources\c90\common\awmod.c
		___awmod       		CODE           	071E	0000	89

C:\Program Files\Microchip\xc8\v2.41\pic\sources\c90\common\awmod.c estimated size: 89

LCD_ADD_SUB.c
		_WriteFunction 		CODE           	05DD	0000	23
		_Atoi          		CODE           	06CC	0000	82
		_Lcd_instruction		CODE           	05F4	0000	23
		_main          		CODE           	067B	0000	81
		_Lcd_displaydata		CODE           	05C9	0000	20
		_Configuration 		CODE           	0630	0000	75

LCD_ADD_SUB.c estimated size: 304

