Microchip MPLAB XC8 Compiler V2.41

Linker command line:

-W-3 \
  --edf=C:/Program Files/Microchip/MPLABX/v6.10/packs/Microchip/PIC16Fxxx_DFP/1.4.149/xc8\pic\dat\20230322214319_en.msgs \
  -cn -h+dist/default/production\ADC_100V.X.production.sym \
  --cmf=dist/default/production\ADC_100V.X.production.cmf -z -Q16F877A \
  -oC:\Users\velmu\AppData\Local\Temp\xcBs96s.1\driver_tmp_3.o \
  --defsym=__MPLAB_BUILD=1 --fixupoverflow=error \
  -Mdist/default/production/ADC_100V.X.production.map \
  --md=C:\Users\velmu\AppData\Local\Temp\xcBs96s.1\driver_tmp_0.dat -E1 \
  -ver=XC8 Compiler --acfsm=1493 -ACODE=00h-07FFhx4 -ASTRCODE=00h-01FFFh \
  -ASTRING=00h-0FFhx32 -ACONST=00h-0FFhx32 -AENTRY=00h-0FFhx32 \
  -ACOMMON=070h-07Fh -ABANK0=020h-06Fh -ABANK1=0A0h-0EFh \
  -ABANK2=0110h-016Fh -ABANK3=0190h-01EFh \
  -ARAM=020h-06Fh,0A0h-0EFh,0110h-016Fh,0190h-01EFh \
  -AABS1=020h-07Fh,0A0h-0EFh,0110h-016Fh,0190h-01EFh -ASFR0=00h-01Fh \
  -ASFR1=080h-09Fh -ASFR2=0100h-010Fh -ASFR3=0180h-018Fh \
  -ACONFIG=02007h-02007h -DCONFIG=2 -AIDLOC=02000h-02003h -DIDLOC=2 \
  -AEEDATA=00h-0FFh/02100h -peeprom_data=EEDATA -DEEDATA=2 -DCODE=2 \
  -DSTRCODE=2 -DSTRING=2 -DCONST=2 -DENTRY=2 \
  -preset_vec=00h,intentry,init,end_init -ppowerup=CODE -pcinit=CODE \
  -pfunctab=ENTRY -k \
  C:\Users\velmu\AppData\Local\Temp\xcBs96s.1\driver_tmp_12.o \
  dist/default/production\ADC_100V.X.production.o 

Object code version is 3.11

Machine type is 16F877A



                Name                               Link     Load   Length Selector   Space Scale
C:\Users\velmu\AppData\Local\Temp\xcBs96s.1\driver_tmp_12.o
                end_init                              0        0        3        0       0
                config                             2007     2007        1        0       4
dist/default/production\ADC_100V.X.production.o
                cinit                               7E4      7E4       1C      FC8       0
                config                             2007     2007        1        0       4
                text11                              F7E      F7E       17     1EFC       0
                text10                              F6A      F6A       14     1ED4       0
                text9                                46       46       4D       8C       0
                text8                               FBC      FBC       44     1F78       0
                text7                                 C        C       3A       18       0
                text6                                93       93       65      126       0
                text5                               2D0      2D0      1CF      5A0       0
                text4                               F95      F95       27     1F2A       0
                text3                               49F      49F      345      93E       0
                text2                                F8       F8       78      1F0       0
                text1                               218      218       B8      430       0
                maintext                            170      170       A8      2E0       0
                cstackBANK0                          20       20       42       20       1
                cstackCOMMON                         70       70        E       70       1
                dataBANK0                            68       68        3       20       1
                bssBANK0                             62       62        6       20       1
                idataBANK0                            9        9        3       12       0

TOTAL           Name                               Link     Load   Length     Space
        CLASS   CODE           
                end_init                              0        0        3         0
                cinit                               7E4      7E4       1C         0
                text11                              F7E      F7E       17         0
                text10                              F6A      F6A       14         0
                text9                                46       46       4D         0
                text8                               FBC      FBC       44         0
                text7                                 C        C       3A         0
                text6                                93       93       65         0
                text5                               2D0      2D0      1CF         0
                text4                               F95      F95       27         0
                text3                               49F      49F      345         0
                text2                                F8       F8       78         0
                text1                               218      218       B8         0
                maintext                            170      170       A8         0
                idataBANK0                            9        9        3         0

        CLASS   STRCODE        

        CLASS   STRING         

        CLASS   CONST          

        CLASS   ENTRY          

        CLASS   COMMON         
                cstackCOMMON                         70       70        E         1

        CLASS   BANK0          
                cstackBANK0                          20       20       42         1
                dataBANK0                            68       68        3         1
                bssBANK0                             62       62        6         1

        CLASS   BANK1          

        CLASS   BANK2          

        CLASS   BANK3          

        CLASS   RAM            

        CLASS   ABS1           
                abs_s1                               7E       7E        2         1

        CLASS   SFR0           

        CLASS   SFR1           

        CLASS   SFR2           

        CLASS   SFR3           

        CLASS   CONFIG         
                config                             2007     2007        1         4

        CLASS   IDLOC          

        CLASS   EEDATA         

        CLASS   STACK          



SEGMENTS        Name                           Load    Length   Top    Selector   Space  Class     Delta

                reset_vec                      000000  000003  000003         0       0  CODE        2
                idataBANK0                     000009  000003  00000C        12       0  CODE        2
                text7                          00000C  00003A  000046        18       0  CODE        2
                cstackBANK0                    000020  00004B  00006B        20       1  BANK0       1
                cstackCOMMON                   000070  00000E  00007E        70       1  COMMON      1
                text9                          000046  00004D  000093        8C       0  CODE        2
                text6                          000093  000065  0000F8       126       0  CODE        2
                text2                          0000F8  000078  000170       1F0       0  CODE        2
                maintext                       000170  0000A8  000218       2E0       0  CODE        2
                text1                          000218  0000B8  0002D0       430       0  CODE        2
                text5                          0002D0  0001CF  00049F       5A0       0  CODE        2
                text3                          00049F  000345  0007E4       93E       0  CODE        2
                cinit                          0007E4  00001C  000800       FC8       0  CODE        2
                text10                         000F6A  000014  000F7E      1ED4       0  CODE        2
                text11                         000F7E  000017  000F95      1EFC       0  CODE        2
                text4                          000F95  000027  000FBC      1F2A       0  CODE        2
                text8                          000FBC  000044  001000      1F78       0  CODE        2


UNUSED ADDRESS RANGES

        Name                Unused          Largest block    Delta
        BANK0            006B-006F              5           1
        BANK1            00A0-00EF             50           1
        BANK2            0110-016F             60           1
        BANK3            0190-01EF             60           1
        CODE             0003-0008              6           2
                         0800-0F69            76A
                         1000-1FFF            800
        CONST            0003-0008              6           2
                         0800-0F69            100
                         1000-1FFF            100
        EEDATA           2100-21FF            100           2
        ENTRY            0003-0008              6           2
                         0800-0F69            100
                         1000-1FFF            100
        IDLOC            2000-2003              4           2
        RAM              006B-006F              5           1
                         00A0-00EF             50
                         0110-016F             60
                         0190-01EF             60
        SFR0             0000-001F             20           1
        SFR1             0080-009F             20           1
        SFR2             0100-010F             10           1
        SFR3             0180-018F             10           1
        STRCODE          0003-0008              6           2
                         0800-0F69            76A
                         1000-1FFF           1000
        STRING           0003-0008              6           2
                         0800-0F69            100
                         1000-1FFF            100

                                  Symbol Table

?__Umul8_16              cstackCOMMON 0070
?___fldiv                cstackBANK0  0020
?___flmul                cstackBANK0  003A
?___fltol                cstackBANK0  0054
?___lwdiv                cstackCOMMON 0070
?___lwmod                cstackCOMMON 0070
?___xxtofl               cstackCOMMON 0070
Lcd_command@cmd          cstackCOMMON 0072
Lcd_displaydata@data     cstackCOMMON 0072
Lcd_printing@F896        dataBANK0    0068
Lcd_printing@i           cstackBANK0  0025
Lcd_printing@space       cstackBANK0  0020
Lcd_printing@temp        cstackBANK0  0023
Lcd_printing@value       cstackCOMMON 0077
_ADCON0                  (abs)        001F
_ADCON1                  (abs)        009F
_ADRESH                  (abs)        001E
_ADRESL                  (abs)        009E
_Configuration           text9        0046
_High                    bssBANK0     0066
_Lcd_command             text11       0F7E
_Lcd_displaydata         text10       0F6A
_Lcd_printing            text6        0093
_Low                     bssBANK0     0064
_PORTC                   (abs)        0007
_PORTD                   (abs)        0008
_Result                  bssBANK0     0062
_TRISA                   (abs)        0085
_TRISC                   (abs)        0087
_TRISD                   (abs)        0088
__H__absolute__          __absolute__ 0000
__Habs1                  abs1         0000
__Hbank0                 bank0        0000
__Hbank1                 bank1        0000
__Hbank2                 bank2        0000
__Hbank3                 bank3        0000
__HbssBANK0              bssBANK0     0000
__Hcinit                 cinit        0800
__Hclrtext               clrtext      0000
__Hcode                  code         0000
__Hcommon                common       0000
__Hconfig                config       2008
__HcstackBANK0           cstackBANK0  0000
__HcstackCOMMON          cstackCOMMON 0000
__HdataBANK0             dataBANK0    0000
__Heeprom_data           eeprom_data  0000
__Hend_init              end_init     0003
__Hfunctab               functab      0000
__HidataBANK0            idataBANK0   0000
__Hinit                  init         0000
__Hintentry              intentry     0000
__Hmaintext              maintext     0000
__Hpowerup               powerup      0000
__Hram                   ram          0000
__Hreset_vec             reset_vec    0000
__Hsfr0                  sfr0         0000
__Hsfr1                  sfr1         0000
__Hsfr2                  sfr2         0000
__Hsfr3                  sfr3         0000
__Hspace_0               (abs)        1000
__Hspace_1               (abs)        007E
__Hspace_2               (abs)        0000
__Hspace_3               (abs)        0000
__Hspace_4               (abs)        400F
__Hstack                 stack        0000
__Hstrings               strings      0000
__Htext                  text         0000
__L__absolute__          __absolute__ 0000
__Labs1                  abs1         0000
__Lbank0                 bank0        0000
__Lbank1                 bank1        0000
__Lbank2                 bank2        0000
__Lbank3                 bank3        0000
__LbssBANK0              bssBANK0     0000
__Lcinit                 cinit        07E4
__Lclrtext               clrtext      0000
__Lcode                  code         0000
__Lcommon                common       0000
__Lconfig                config       0000
__LcstackBANK0           cstackBANK0  0000
__LcstackCOMMON          cstackCOMMON 0000
__LdataBANK0             dataBANK0    0000
__Leeprom_data           eeprom_data  0000
__Lend_init              end_init     0000
__Lfunctab               functab      0000
__LidataBANK0            idataBANK0   0000
__Linit                  init         0000
__Lintentry              intentry     0000
__Lmaintext              maintext     0000
__Lpowerup               powerup      0000
__Lram                   ram          0000
__Lreset_vec             reset_vec    0000
__Lsfr0                  sfr0         0000
__Lsfr1                  sfr1         0000
__Lsfr2                  sfr2         0000
__Lsfr3                  sfr3         0000
__Lspace_0               (abs)        0000
__Lspace_1               (abs)        0000
__Lspace_2               (abs)        0000
__Lspace_3               (abs)        0000
__Lspace_4               (abs)        0000
__Lstack                 stack        0000
__Lstrings               strings      0000
__Ltext                  text         0000
__S0                     (abs)        1000
__S1                     (abs)        007E
__S3                     (abs)        0000
__Umul8_16               text4        0F95
__Umul8_16@multiplicand  cstackCOMMON 0070
__Umul8_16@multiplier    cstackCOMMON 0078
__Umul8_16@product       cstackCOMMON 0074
__Umul8_16@word_mpld     cstackCOMMON 0076
___fldiv                 text5        02D0
___fldiv@a               cstackBANK0  0020
___fldiv@aexp            cstackBANK0  0039
___fldiv@b               cstackBANK0  0024
___fldiv@bexp            cstackBANK0  0038
___fldiv@grs             cstackBANK0  0034
___fldiv@new_exp         cstackBANK0  0032
___fldiv@rem             cstackBANK0  002D
___fldiv@sign            cstackBANK0  0031
___flmul                 text3        049F
___flmul@a               cstackBANK0  003E
___flmul@aexp            cstackBANK0  004C
___flmul@b               cstackBANK0  003A
___flmul@bexp            cstackBANK0  004D
___flmul@grs             cstackBANK0  0048
___flmul@prod            cstackBANK0  004E
___flmul@sign            cstackBANK0  0047
___flmul@temp            cstackBANK0  0052
___fltol                 text2        00F8
___fltol@exp1            cstackBANK0  005D
___fltol@f1              cstackBANK0  0054
___fltol@sign1           cstackBANK0  005C
___int_sp                stack        0000
___latbits               (abs)        0002
___lwdiv                 text8        0FBC
___lwdiv@counter         cstackCOMMON 0076
___lwdiv@dividend        cstackCOMMON 0072
___lwdiv@divisor         cstackCOMMON 0070
___lwdiv@quotient        cstackCOMMON 0074
___lwmod                 text7        000C
___lwmod@counter         cstackCOMMON 0074
___lwmod@dividend        cstackCOMMON 0072
___lwmod@divisor         cstackCOMMON 0070
___sp                    stack        0000
___stackhi               (abs)        0000
___stacklo               (abs)        0000
___xxtofl                text1        0218
___xxtofl@arg            cstackCOMMON 007A
___xxtofl@exp            cstackCOMMON 0079
___xxtofl@sign           cstackCOMMON 0078
___xxtofl@val            cstackCOMMON 0070
__end_of_Configuration   text9        0093
__end_of_Lcd_command     text11       0F95
__end_of_Lcd_displaydata text10       0F7E
__end_of_Lcd_printing    text6        00F8
__end_of__Umul8_16       text4        0FBC
__end_of___fldiv         text5        049F
__end_of___flmul         text3        07E4
__end_of___fltol         text2        0170
__end_of___lwdiv         text8        1000
__end_of___lwmod         text7        0046
__end_of___xxtofl        text1        02D0
__end_of__initialization cinit        07FC
__end_of_main            maintext     0218
__initialization         cinit        07E4
__pbssBANK0              bssBANK0     0062
__pcstackBANK0           cstackBANK0  0020
__pcstackCOMMON          cstackCOMMON 0070
__pdataBANK0             dataBANK0    0068
__pidataBANK0            idataBANK0   0009
__pmaintext              maintext     0170
__ptext1                 text1        0218
__ptext10                text10       0F6A
__ptext11                text11       0F7E
__ptext2                 text2        00F8
__ptext3                 text3        049F
__ptext4                 text4        0F95
__ptext5                 text5        02D0
__ptext6                 text6        0093
__ptext7                 text7        000C
__ptext8                 text8        0FBC
__ptext9                 text9        0046
_main                    maintext     0170
btemp                    (abs)        007E
end_of_initialization    cinit        07FC
intlevel0                functab      0000
intlevel1                functab      0000
intlevel2                functab      0000
intlevel3                functab      0000
intlevel4                functab      0000
intlevel5                functab      0000
reset_vec                reset_vec    0000
start                    init         0000
start_initialization     cinit        07E4
wtemp0                   (abs)        007E


MODULE INFORMATION

Module		Function		Class		Link	Load	Size
C:\Program Files\Microchip\xc8\v2.41\pic\sources\c90\common\sprcmul.c
		___flmul       		CODE           	049F	0000	837

C:\Program Files\Microchip\xc8\v2.41\pic\sources\c90\common\sprcmul.c estimated size: 837

C:\Program Files\Microchip\xc8\v2.41\pic\sources\c90\common\sprcdiv.c
		___fldiv       		CODE           	02D0	0000	463

C:\Program Files\Microchip\xc8\v2.41\pic\sources\c90\common\sprcdiv.c estimated size: 463

C:\Program Files\Microchip\xc8\v2.41\pic\sources\c90\common\lwdiv.c
		___lwdiv       		CODE           	0FBC	0000	68

C:\Program Files\Microchip\xc8\v2.41\pic\sources\c90\common\lwdiv.c estimated size: 68

C:\Program Files\Microchip\xc8\v2.41\pic\sources\c90\common\fltol.c
		___fltol       		CODE           	00F8	0000	120

C:\Program Files\Microchip\xc8\v2.41\pic\sources\c90\common\fltol.c estimated size: 120

C:\Program Files\Microchip\xc8\v2.41\pic\sources\c90\common\xxtofl.c
		___xxtofl      		CODE           	0218	0000	184

C:\Program Files\Microchip\xc8\v2.41\pic\sources\c90\common\xxtofl.c estimated size: 184

shared
		__initialization		CODE           	07E4	0000	24

shared estimated size: 24

C:\Program Files\Microchip\xc8\v2.41\pic\sources\c90\common\Umul8_16.c
		__Umul8_16     		CODE           	0F95	0000	39

C:\Program Files\Microchip\xc8\v2.41\pic\sources\c90\common\Umul8_16.c estimated size: 39

AtoD_100V.c
		_Lcd_printing  		CODE           	0093	0000	101
		_main          		CODE           	0170	0000	168
		_Lcd_displaydata		CODE           	0F6A	0000	20
		_Lcd_command   		CODE           	0F7E	0000	23
		_Configuration 		CODE           	0046	0000	77

AtoD_100V.c estimated size: 389

C:\Program Files\Microchip\xc8\v2.41\pic\sources\c90\common\lwmod.c
		___lwmod       		CODE           	000C	0000	58

C:\Program Files\Microchip\xc8\v2.41\pic\sources\c90\common\lwmod.c estimated size: 58

