Microchip MPLAB XC8 Compiler V2.41

Linker command line:

-W-3 \
  --edf=C:/Program Files/Microchip/MPLABX/v6.10/packs/Microchip/PIC16Fxxx_DFP/1.4.149/xc8\pic\dat\20230322214319_en.msgs \
  -cn -h+dist/default/debug\Rpm.X.debug.sym \
  --cmf=dist/default/debug\Rpm.X.debug.cmf -z -Q16F877A \
  -oC:\Users\velmu\AppData\Local\Temp\xcBsasc.1\driver_tmp_3.o \
  --defsym=__MPLAB_BUILD=1 --fixupoverflow=error \
  -Mdist/default/debug/Rpm.X.debug.map \
  --md=C:\Users\velmu\AppData\Local\Temp\xcBsasc.1\driver_tmp_0.dat -E1 \
  -ver=XC8 Compiler --acfsm=1493 -ACODE=00h-07FFhx4 -ASTRCODE=00h-01FFFh \
  -ASTRING=00h-0FFhx32 -ACONST=00h-0FFhx32 -AENTRY=00h-0FFhx32 \
  -ACOMMON=070h-07Fh -ABANK0=020h-06Fh -ABANK1=0A0h-0EFh \
  -ABANK2=0110h-016Fh -ABANK3=0190h-01EFh \
  -ARAM=020h-06Fh,0A0h-0EFh,0110h-016Fh,0190h-01EFh \
  -AABS1=020h-07Fh,0A0h-0EFh,0110h-016Fh,0190h-01EFh -ASFR0=00h-01Fh \
  -ASFR1=080h-09Fh -ASFR2=0100h-010Fh -ASFR3=0180h-018Fh \
  -ACONFIG=02007h-02007h -DCONFIG=2 -AIDLOC=02000h-02003h -DIDLOC=2 \
  -AEEDATA=00h-0FFh/02100h -peeprom_data=EEDATA -DEEDATA=2 -DCODE=2 \
  -DSTRCODE=2 -DSTRING=2 -DCONST=2 -DENTRY=2 \
  -preset_vec=00h,intentry,init,end_init -ppowerup=CODE -pcinit=CODE \
  -pfunctab=ENTRY -k \
  C:\Users\velmu\AppData\Local\Temp\xcBsasc.1\driver_tmp_12.o \
  dist/default/debug\Rpm.X.debug.o 

Object code version is 3.11

Machine type is 16F877A



                Name                               Link     Load   Length Selector   Space Scale
C:\Users\velmu\AppData\Local\Temp\xcBsasc.1\driver_tmp_12.o
                end_init                              0        0        3        0       0
                config                             2007     2007        1        0       4
dist/default/debug\Rpm.X.debug.o
                cinit                               7E9      7E9       17      FD2       0
                config                             2007     2007        1        0       4
                text8                               597      597       17      B2E       0
                text7                               601      601       58      C02       0
                text6                               583      583       14      B06       0
                text5                               713      713       67      E26       0
                text4                               659      659       59      CB2       0
                text3                               5AE      5AE       53      B5C       0
                text2                               77A      77A       6F      EF4       0
                text1                               6B2      6B2       61      D64       0
                maintext                            552      552        E      AA4       0
                cstackBANK0                          35       35        2       20       1
                cstackCOMMON                         70       70        E       70       1
                inittext                            570      570       13      AE0       0
                dataBANK0                            20       20       10       20       1
                bssBANK0                             30       30        5       20       1
                idataBANK0                          560      560       10      AC0       0

TOTAL           Name                               Link     Load   Length     Space
        CLASS   CODE           
                end_init                              0        0        3         0
                cinit                               7E9      7E9       17         0
                text8                               597      597       17         0
                text7                               601      601       58         0
                text6                               583      583       14         0
                text5                               713      713       67         0
                text4                               659      659       59         0
                text3                               5AE      5AE       53         0
                text2                               77A      77A       6F         0
                text1                               6B2      6B2       61         0
                maintext                            552      552        E         0
                inittext                            570      570       13         0
                idataBANK0                          560      560       10         0

        CLASS   STRCODE        

        CLASS   STRING         

        CLASS   CONST          

        CLASS   ENTRY          

        CLASS   COMMON         
                cstackCOMMON                         70       70        E         1

        CLASS   BANK0          
                cstackBANK0                          35       35        2         1
                dataBANK0                            20       20       10         1
                bssBANK0                             30       30        5         1

        CLASS   BANK1          

        CLASS   BANK2          

        CLASS   BANK3          

        CLASS   RAM            

        CLASS   ABS1           
                abs_s1                               7E       7E        2         1

        CLASS   SFR0           

        CLASS   SFR1           

        CLASS   SFR2           

        CLASS   SFR3           

        CLASS   CONFIG         
                config                             2007     2007        1         4

        CLASS   IDLOC          

        CLASS   EEDATA         

        CLASS   STACK          



SEGMENTS        Name                           Load    Length   Top    Selector   Space  Class     Delta

                reset_vec                      000000  000003  000003         0       0  CODE        2
                dataBANK0                      000020  000017  000037        20       1  BANK0       1
                cstackCOMMON                   000070  00000E  00007E        70       1  COMMON      1
                maintext                       000552  00000E  000560       AA4       0  CODE        2
                idataBANK0                     000560  000010  000570       AC0       0  CODE        2
                inittext                       000570  000013  000583       AE0       0  CODE        2
                text6                          000583  000014  000597       B06       0  CODE        2
                text8                          000597  000017  0005AE       B2E       0  CODE        2
                text3                          0005AE  000053  000601       B5C       0  CODE        2
                text7                          000601  000058  000659       C02       0  CODE        2
                text4                          000659  000059  0006B2       CB2       0  CODE        2
                text1                          0006B2  000061  000713       D64       0  CODE        2
                text5                          000713  000067  00077A       E26       0  CODE        2
                text2                          00077A  00006F  0007E9       EF4       0  CODE        2
                cinit                          0007E9  000017  000800       FD2       0  CODE        2


UNUSED ADDRESS RANGES

        Name                Unused          Largest block    Delta
        BANK0            0037-006F             39           1
        BANK1            00A0-00EF             50           1
        BANK2            0110-016F             60           1
        BANK3            0190-01EF             60           1
        CODE             0003-0551            54F           2
                         0800-1FFF            800
        CONST            0003-0551            100           2
                         0800-1FFF            100
        EEDATA           2100-21FF            100           2
        ENTRY            0003-0551            100           2
                         0800-1FFF            100
        IDLOC            2000-2003              4           2
        RAM              0037-006F             39           1
                         00A0-00EF             50
                         0110-016F             60
                         0190-01EF             60
        SFR0             0000-001F             20           1
        SFR1             0080-009F             20           1
        SFR2             0100-010F             10           1
        SFR3             0180-018F             10           1
        STRCODE          0003-0551            54F           2
                         0800-1FFF           1800
        STRING           0003-0551            100           2
                         0800-1FFF            100

                                  Symbol Table

?___awdiv                cstackCOMMON 0070
?___awmod                cstackCOMMON 0070
Atoi@number              cstackCOMMON 0078
Atoi@temp                cstackCOMMON 007C
Lcd_displaydata@data     cstackCOMMON 0072
Lcd_instruction@cmd      cstackCOMMON 0072
_Atoi                    text3        05AE
_Configuration           text7        0601
_ContentPrint            text2        077A
_Lcd_displaydata         text6        0583
_Lcd_instruction         text8        0597
_OPTION_REG              (abs)        0081
_PORTB                   (abs)        0006
_PORTC                   (abs)        0007
_PORTD                   (abs)        0008
_Scanninginput           text1        06B2
_TRISB                   (abs)        0086
_TRISC                   (abs)        0087
_TRISD                   (abs)        0088
__H__absolute__          __absolute__ 0000
__Habs1                  abs1         0000
__Hbank0                 bank0        0000
__Hbank1                 bank1        0000
__Hbank2                 bank2        0000
__Hbank3                 bank3        0000
__HbssBANK0              bssBANK0     0000
__Hcinit                 cinit        0800
__Hclrtext               clrtext      0000
__Hcode                  code         0000
__Hcommon                common       0000
__Hconfig                config       2008
__HcstackBANK0           cstackBANK0  0000
__HcstackCOMMON          cstackCOMMON 0000
__HdataBANK0             dataBANK0    0000
__Heeprom_data           eeprom_data  0000
__Hend_init              end_init     0003
__Hfunctab               functab      0000
__HidataBANK0            idataBANK0   0000
__Hinit                  init         0000
__Hinittext              inittext     0000
__Hintentry              intentry     0000
__Hmaintext              maintext     0000
__Hpowerup               powerup      0000
__Hram                   ram          0000
__Hreset_vec             reset_vec    0000
__Hsfr0                  sfr0         0000
__Hsfr1                  sfr1         0000
__Hsfr2                  sfr2         0000
__Hsfr3                  sfr3         0000
__Hspace_0               (abs)        0800
__Hspace_1               (abs)        007E
__Hspace_2               (abs)        0000
__Hspace_3               (abs)        0000
__Hspace_4               (abs)        400F
__Hstack                 stack        0000
__Hstrings               strings      0000
__Htext                  text         0000
__L__absolute__          __absolute__ 0000
__Labs1                  abs1         0000
__Lbank0                 bank0        0000
__Lbank1                 bank1        0000
__Lbank2                 bank2        0000
__Lbank3                 bank3        0000
__LbssBANK0              bssBANK0     0000
__Lcinit                 cinit        07E9
__Lclrtext               clrtext      0000
__Lcode                  code         0000
__Lcommon                common       0000
__Lconfig                config       0000
__LcstackBANK0           cstackBANK0  0000
__LcstackCOMMON          cstackCOMMON 0000
__LdataBANK0             dataBANK0    0000
__Leeprom_data           eeprom_data  0000
__Lend_init              end_init     0000
__Lfunctab               functab      0000
__LidataBANK0            idataBANK0   0000
__Linit                  init         0000
__Linittext              inittext     0000
__Lintentry              intentry     0000
__Lmaintext              maintext     0000
__Lpowerup               powerup      0000
__Lram                   ram          0000
__Lreset_vec             reset_vec    0000
__Lsfr0                  sfr0         0000
__Lsfr1                  sfr1         0000
__Lsfr2                  sfr2         0000
__Lsfr3                  sfr3         0000
__Lspace_0               (abs)        0000
__Lspace_1               (abs)        0000
__Lspace_2               (abs)        0000
__Lspace_3               (abs)        0000
__Lspace_4               (abs)        0000
__Lstack                 stack        0000
__Lstrings               strings      0000
__Ltext                  text         0000
__S0                     (abs)        0800
__S1                     (abs)        007E
__S3                     (abs)        0000
___awdiv                 text5        0713
___awdiv@counter         cstackCOMMON 0074
___awdiv@dividend        cstackCOMMON 0072
___awdiv@divisor         cstackCOMMON 0070
___awdiv@quotient        cstackCOMMON 0076
___awdiv@sign            cstackCOMMON 0075
___awmod                 text4        0659
___awmod@counter         cstackCOMMON 0074
___awmod@dividend        cstackCOMMON 0072
___awmod@divisor         cstackCOMMON 0070
___awmod@sign            cstackCOMMON 0075
___int_sp                stack        0000
___latbits               (abs)        0002
___sp                    stack        0000
___stackhi               (abs)        0000
___stacklo               (abs)        0000
__end_of_Atoi            text3        0601
__end_of_Configuration   text7        0659
__end_of_ContentPrint    text2        07E9
__end_of_Lcd_displaydata text6        0597
__end_of_Lcd_instruction text8        05AE
__end_of_Scanninginput   text1        0713
__end_of___awdiv         text5        077A
__end_of___awmod         text4        06B2
__end_of__initialization cinit        07FC
__end_of_main            maintext     0560
__initialization         cinit        07E9
__pbssBANK0              bssBANK0     0030
__pcstackBANK0           cstackBANK0  0035
__pcstackCOMMON          cstackCOMMON 0070
__pdataBANK0             dataBANK0    0020
__pidataBANK0            idataBANK0   0560
__pmaintext              maintext     0552
__ptext1                 text1        06B2
__ptext2                 text2        077A
__ptext3                 text3        05AE
__ptext4                 text4        0659
__ptext5                 text5        0713
__ptext6                 text6        0583
__ptext7                 text7        0601
__ptext8                 text8        0597
_array                   dataBANK0    0020
_i                       bssBANK0     0032
_input                   bssBANK0     0034
_main                    maintext     0552
_speed                   bssBANK0     0030
btemp                    (abs)        007E
end_of_initialization    cinit        07FC
init_fetch0              inittext     0570
init_ram0                inittext     0574
intlevel0                functab      0000
intlevel1                functab      0000
intlevel2                functab      0000
intlevel3                functab      0000
intlevel4                functab      0000
intlevel5                functab      0000
reset_vec                reset_vec    0000
start                    init         0000
start_initialization     cinit        07E9
wtemp0                   (abs)        007E


MODULE INFORMATION

Module		Function		Class		Link	Load	Size
Rpm_.c
		_Atoi          		CODE           	05AE	0000	83
		_Lcd_instruction		CODE           	0597	0000	23
		_main          		CODE           	0552	0000	14
		_Lcd_displaydata		CODE           	0583	0000	20
		_Scanninginput 		CODE           	06B2	0000	97
		_Configuration 		CODE           	0601	0000	88
		_ContentPrint  		CODE           	077A	0000	111

Rpm_.c estimated size: 436

C:\Program Files\Microchip\xc8\v2.41\pic\sources\c90\common\awdiv.c
		___awdiv       		CODE           	0713	0000	103

C:\Program Files\Microchip\xc8\v2.41\pic\sources\c90\common\awdiv.c estimated size: 103

shared
		__initialization		CODE           	07E9	0000	19

shared estimated size: 19

C:\Program Files\Microchip\xc8\v2.41\pic\sources\c90\common\awmod.c
		___awmod       		CODE           	0659	0000	89

C:\Program Files\Microchip\xc8\v2.41\pic\sources\c90\common\awmod.c estimated size: 89

