Microchip MPLAB XC8 Compiler V2.41

Linker command line:

-W-3 \
  --edf=C:/Program Files/Microchip/MPLABX/v6.10/packs/Microchip/PIC16Fxxx_DFP/1.4.149/xc8\pic\dat\20230322214319_en.msgs \
  -cn -h+dist/default/production\Keypad3X4.c.X.production.sym \
  --cmf=dist/default/production\Keypad3X4.c.X.production.cmf -z -Q16F877A \
  -oC:\Users\velmu\AppData\Local\Temp\xcAsb34.\driver_tmp_3.o \
  --defsym=__MPLAB_BUILD=1 --fixupoverflow=error \
  -Mdist/default/production/Keypad3X4.c.X.production.map \
  --md=C:\Users\velmu\AppData\Local\Temp\xcAsb34.\driver_tmp_0.dat -E1 \
  -ver=XC8 Compiler --acfsm=1493 -ACODE=00h-07FFhx4 -ASTRCODE=00h-01FFFh \
  -ASTRING=00h-0FFhx32 -ACONST=00h-0FFhx32 -AENTRY=00h-0FFhx32 \
  -ACOMMON=070h-07Fh -ABANK0=020h-06Fh -ABANK1=0A0h-0EFh \
  -ABANK2=0110h-016Fh -ABANK3=0190h-01EFh \
  -ARAM=020h-06Fh,0A0h-0EFh,0110h-016Fh,0190h-01EFh \
  -AABS1=020h-07Fh,0A0h-0EFh,0110h-016Fh,0190h-01EFh -ASFR0=00h-01Fh \
  -ASFR1=080h-09Fh -ASFR2=0100h-010Fh -ASFR3=0180h-018Fh \
  -ACONFIG=02007h-02007h -DCONFIG=2 -AIDLOC=02000h-02003h -DIDLOC=2 \
  -AEEDATA=00h-0FFh/02100h -peeprom_data=EEDATA -DEEDATA=2 -DCODE=2 \
  -DSTRCODE=2 -DSTRING=2 -DCONST=2 -DENTRY=2 \
  -preset_vec=00h,intentry,init,end_init -ppowerup=CODE -pcinit=CODE \
  -pfunctab=ENTRY -k \
  C:\Users\velmu\AppData\Local\Temp\xcAsb34.\driver_tmp_12.o \
  dist/default/production\Keypad3X4.c.X.production.o 

Object code version is 3.11

Machine type is 16F877A



                Name                               Link     Load   Length Selector   Space Scale
C:\Users\velmu\AppData\Local\Temp\xcAsb34.\driver_tmp_12.o
                end_init                              0        0        3        0       0
                config                             2007     2007        1        0       4
dist/default/production\Keypad3X4.c.X.production.o
                cinit                               7ED      7ED       13      FDA       0
                config                             2007     2007        1        0       4
                text5                               6A5      6A5       17      D4A       0
                text4                               691      691       14      D22       0
                text3                               6BC      6BC       6B      D78       0
                text2                               727      727       C6      E4E       0
                text1                               65F      65F        C      CBE       0
                maintext                            66B      66B       13      CD6       0
                cstackCOMMON                         70       70        6       70       1
                inittext                            67E      67E       13      CFC       0
                dataBANK0                            20       20        9       20       1
                bssCOMMON                            76       76        1       70       1
                idataBANK0                          656      656        9      CAC       0

TOTAL           Name                               Link     Load   Length     Space
        CLASS   CODE           
                end_init                              0        0        3         0
                cinit                               7ED      7ED       13         0
                text5                               6A5      6A5       17         0
                text4                               691      691       14         0
                text3                               6BC      6BC       6B         0
                text2                               727      727       C6         0
                text1                               65F      65F        C         0
                maintext                            66B      66B       13         0
                inittext                            67E      67E       13         0
                idataBANK0                          656      656        9         0

        CLASS   STRCODE        

        CLASS   STRING         

        CLASS   CONST          

        CLASS   ENTRY          

        CLASS   COMMON         
                cstackCOMMON                         70       70        6         1
                bssCOMMON                            76       76        1         1

        CLASS   BANK0          
                dataBANK0                            20       20        9         1

        CLASS   BANK1          

        CLASS   BANK2          

        CLASS   BANK3          

        CLASS   RAM            

        CLASS   ABS1           
                abs_s1                               7E       7E        2         1

        CLASS   SFR0           

        CLASS   SFR1           

        CLASS   SFR2           

        CLASS   SFR3           

        CLASS   CONFIG         
                config                             2007     2007        1         4

        CLASS   IDLOC          

        CLASS   EEDATA         

        CLASS   STACK          



SEGMENTS        Name                           Load    Length   Top    Selector   Space  Class     Delta

                reset_vec                      000000  000003  000003         0       0  CODE        2
                dataBANK0                      000020  000009  000029        20       1  BANK0       1
                cstackCOMMON                   000070  000007  000077        70       1  COMMON      1
                idataBANK0                     000656  000009  00065F       CAC       0  CODE        2
                text1                          00065F  00000C  00066B       CBE       0  CODE        2
                maintext                       00066B  000013  00067E       CD6       0  CODE        2
                inittext                       00067E  000013  000691       CFC       0  CODE        2
                text4                          000691  000014  0006A5       D22       0  CODE        2
                text5                          0006A5  000017  0006BC       D4A       0  CODE        2
                text3                          0006BC  00006B  000727       D78       0  CODE        2
                text2                          000727  0000C6  0007ED       E4E       0  CODE        2
                cinit                          0007ED  000013  000800       FDA       0  CODE        2


UNUSED ADDRESS RANGES

        Name                Unused          Largest block    Delta
        BANK0            0029-006F             47           1
        BANK1            00A0-00EF             50           1
        BANK2            0110-016F             60           1
        BANK3            0190-01EF             60           1
        CODE             0003-0655            653           2
                         0800-1FFF            800
        COMMON           0077-007D              7           1
        CONST            0003-0655            100           2
                         0800-1FFF            100
        EEDATA           2100-21FF            100           2
        ENTRY            0003-0655            100           2
                         0800-1FFF            100
        IDLOC            2000-2003              4           2
        RAM              0029-006F             47           1
                         00A0-00EF             50
                         0110-016F             60
                         0190-01EF             60
        SFR0             0000-001F             20           1
        SFR1             0080-009F             20           1
        SFR2             0100-010F             10           1
        SFR3             0180-018F             10           1
        STRCODE          0003-0655            653           2
                         0800-1FFF           1800
        STRING           0003-0655            100           2
                         0800-1FFF            100

                                  Symbol Table

Configuration@i            cstackCOMMON 0075
Lcd_Cmd@cmd                cstackCOMMON 0072
Lcd_Data@data              cstackCOMMON 0072
_Configuration             text3        06BC
_Keypad_Scanning           text2        0727
_Lcd_Cmd                   text5        06A5
_Lcd_Configuration         text1        065F
_Lcd_Data                  text4        0691
_PORTB                     (abs)        0006
_PORTC                     (abs)        0007
_PORTD                     (abs)        0008
_RB0                       (abs)        0030
_RB1                       (abs)        0031
_RB2                       (abs)        0032
_TRISB                     (abs)        0086
_TRISC                     (abs)        0087
_TRISD                     (abs)        0088
__H__absolute__            __absolute__ 0000
__Habs1                    abs1         0000
__Hbank0                   bank0        0000
__Hbank1                   bank1        0000
__Hbank2                   bank2        0000
__Hbank3                   bank3        0000
__HbssCOMMON               bssCOMMON    0000
__Hcinit                   cinit        0800
__Hclrtext                 clrtext      0000
__Hcode                    code         0000
__Hcommon                  common       0000
__Hconfig                  config       2008
__HcstackCOMMON            cstackCOMMON 0000
__HdataBANK0               dataBANK0    0000
__Heeprom_data             eeprom_data  0000
__Hend_init                end_init     0003
__Hfunctab                 functab      0000
__HidataBANK0              idataBANK0   0000
__Hinit                    init         0000
__Hinittext                inittext     0000
__Hintentry                intentry     0000
__Hmaintext                maintext     0000
__Hpowerup                 powerup      0000
__Hram                     ram          0000
__Hreset_vec               reset_vec    0000
__Hsfr0                    sfr0         0000
__Hsfr1                    sfr1         0000
__Hsfr2                    sfr2         0000
__Hsfr3                    sfr3         0000
__Hspace_0                 (abs)        0800
__Hspace_1                 (abs)        0077
__Hspace_2                 (abs)        0000
__Hspace_3                 (abs)        0000
__Hspace_4                 (abs)        400F
__Hstack                   stack        0000
__Hstrings                 strings      0000
__Htext                    text         0000
__L__absolute__            __absolute__ 0000
__Labs1                    abs1         0000
__Lbank0                   bank0        0000
__Lbank1                   bank1        0000
__Lbank2                   bank2        0000
__Lbank3                   bank3        0000
__LbssCOMMON               bssCOMMON    0000
__Lcinit                   cinit        07ED
__Lclrtext                 clrtext      0000
__Lcode                    code         0000
__Lcommon                  common       0000
__Lconfig                  config       0000
__LcstackCOMMON            cstackCOMMON 0000
__LdataBANK0               dataBANK0    0000
__Leeprom_data             eeprom_data  0000
__Lend_init                end_init     0000
__Lfunctab                 functab      0000
__LidataBANK0              idataBANK0   0000
__Linit                    init         0000
__Linittext                inittext     0000
__Lintentry                intentry     0000
__Lmaintext                maintext     0000
__Lpowerup                 powerup      0000
__Lram                     ram          0000
__Lreset_vec               reset_vec    0000
__Lsfr0                    sfr0         0000
__Lsfr1                    sfr1         0000
__Lsfr2                    sfr2         0000
__Lsfr3                    sfr3         0000
__Lspace_0                 (abs)        0000
__Lspace_1                 (abs)        0000
__Lspace_2                 (abs)        0000
__Lspace_3                 (abs)        0000
__Lspace_4                 (abs)        0000
__Lstack                   stack        0000
__Lstrings                 strings      0000
__Ltext                    text         0000
__S0                       (abs)        0800
__S1                       (abs)        0077
__S3                       (abs)        0000
___int_sp                  stack        0000
___latbits                 (abs)        0002
___sp                      stack        0000
___stackhi                 (abs)        0000
___stacklo                 (abs)        0000
__end_of_Configuration     text3        0727
__end_of_Keypad_Scanning   text2        07ED
__end_of_Lcd_Cmd           text5        06BC
__end_of_Lcd_Configuration text1        066B
__end_of_Lcd_Data          text4        06A5
__end_of__initialization   cinit        07FC
__end_of_main              maintext     067E
__initialization           cinit        07ED
__pbssCOMMON               bssCOMMON    0076
__pcstackCOMMON            cstackCOMMON 0070
__pdataBANK0               dataBANK0    0020
__pidataBANK0              idataBANK0   0656
__pmaintext                maintext     066B
__ptext1                   text1        065F
__ptext2                   text2        0727
__ptext3                   text3        06BC
__ptext4                   text4        0691
__ptext5                   text5        06A5
_main                      maintext     066B
_result                    dataBANK0    0020
_temp                      bssCOMMON    0076
btemp                      (abs)        007E
end_of_initialization      cinit        07FC
init_fetch0                inittext     067E
init_ram0                  inittext     0682
intlevel0                  functab      0000
intlevel1                  functab      0000
intlevel2                  functab      0000
intlevel3                  functab      0000
intlevel4                  functab      0000
intlevel5                  functab      0000
reset_vec                  reset_vec    0000
start                      init         0000
start_initialization       cinit        07ED
wtemp0                     (abs)        007E


MODULE INFORMATION

Module		Function		Class		Link	Load	Size
Keypad.c
		_main          		CODE           	066B	0000	19
		_Configuration 		CODE           	06BC	0000	107
		_Keypad_Scanning		CODE           	0727	0000	198

Keypad.c estimated size: 324

shared
		__initialization		CODE           	07ED	0000	15

shared estimated size: 15

LCD.c
		_Lcd_Configuration		CODE           	065F	0000	12
		_Lcd_Cmd       		CODE           	06A5	0000	23
		_Lcd_Data      		CODE           	0691	0000	20

LCD.c estimated size: 55

