Microchip MPLAB XC8 Compiler V2.41

Linker command line:

-W-3 \
  --edf=C:/Program Files/Microchip/MPLABX/v6.10/packs/Microchip/PIC16Fxxx_DFP/1.4.149/xc8\pic\dat\20230322214319_en.msgs \
  -cn -h+dist/default/production\Rpm.X.production.sym \
  --cmf=dist/default/production\Rpm.X.production.cmf -z -Q16F877A \
  -oC:\Users\velmu\AppData\Local\Temp\xcBs3r0.1\driver_tmp_3.o \
  --defsym=__MPLAB_BUILD=1 --fixupoverflow=error \
  -Mdist/default/production/Rpm.X.production.map \
  --md=C:\Users\velmu\AppData\Local\Temp\xcBs3r0.1\driver_tmp_0.dat -E1 \
  -ver=XC8 Compiler --acfsm=1493 -ACODE=00h-07FFhx4 -ASTRCODE=00h-01FFFh \
  -ASTRING=00h-0FFhx32 -ACONST=00h-0FFhx32 -AENTRY=00h-0FFhx32 \
  -ACOMMON=070h-07Fh -ABANK0=020h-06Fh -ABANK1=0A0h-0EFh \
  -ABANK2=0110h-016Fh -ABANK3=0190h-01EFh \
  -ARAM=020h-06Fh,0A0h-0EFh,0110h-016Fh,0190h-01EFh \
  -AABS1=020h-07Fh,0A0h-0EFh,0110h-016Fh,0190h-01EFh -ASFR0=00h-01Fh \
  -ASFR1=080h-09Fh -ASFR2=0100h-010Fh -ASFR3=0180h-018Fh \
  -ACONFIG=02007h-02007h -DCONFIG=2 -AIDLOC=02000h-02003h -DIDLOC=2 \
  -AEEDATA=00h-0FFh/02100h -peeprom_data=EEDATA -DEEDATA=2 -DCODE=2 \
  -DSTRCODE=2 -DSTRING=2 -DCONST=2 -DENTRY=2 \
  -preset_vec=00h,intentry,init,end_init -ppowerup=CODE -pcinit=CODE \
  -pfunctab=ENTRY -k \
  C:\Users\velmu\AppData\Local\Temp\xcBs3r0.1\driver_tmp_12.o \
  dist/default/production\Rpm.X.production.o 

Object code version is 3.11

Machine type is 16F877A



                Name                               Link     Load   Length Selector   Space Scale
C:\Users\velmu\AppData\Local\Temp\xcBs3r0.1\driver_tmp_12.o
                end_init                              0        0        3        0       0
                config                             2007     2007        1        0       4
dist/default/production\Rpm.X.production.o
                cinit                               7E1      7E1       1F      FC2       0
                config                             2007     2007        1        0       4
                text8                               509      509       17      A12       0
                text7                               55E      55E       5C      ABC       0
                text6                               4F5      4F5       14      9EA       0
                text5                               683      683       6E      D06       0
                text4                               61C      61C       67      C38       0
                text3                               539      539       25      A72       0
                text2                               6F1      6F1       F0      DE2       0
                text1                               5BA      5BA       62      B74       0
                maintext                            520      520       19      A40       0
                cstackBANK0                          3D       3D        C       20       1
                cstackCOMMON                         70       70        E       70       1
                inittext                            4E2      4E2       13      9C4       0
                dataBANK0                            20       20       10       20       1
                bssBANK0                             30       30        D       20       1
                idataBANK0                          4D2      4D2       10      9A4       0

TOTAL           Name                               Link     Load   Length     Space
        CLASS   CODE           
                end_init                              0        0        3         0
                cinit                               7E1      7E1       1F         0
                text8                               509      509       17         0
                text7                               55E      55E       5C         0
                text6                               4F5      4F5       14         0
                text5                               683      683       6E         0
                text4                               61C      61C       67         0
                text3                               539      539       25         0
                text2                               6F1      6F1       F0         0
                text1                               5BA      5BA       62         0
                maintext                            520      520       19         0
                inittext                            4E2      4E2       13         0
                idataBANK0                          4D2      4D2       10         0

        CLASS   STRCODE        

        CLASS   STRING         

        CLASS   CONST          

        CLASS   ENTRY          

        CLASS   COMMON         
                cstackCOMMON                         70       70        E         1

        CLASS   BANK0          
                cstackBANK0                          3D       3D        C         1
                dataBANK0                            20       20       10         1
                bssBANK0                             30       30        D         1

        CLASS   BANK1          

        CLASS   BANK2          

        CLASS   BANK3          

        CLASS   RAM            

        CLASS   ABS1           
                abs_s1                               7E       7E        2         1

        CLASS   SFR0           

        CLASS   SFR1           

        CLASS   SFR2           

        CLASS   SFR3           

        CLASS   CONFIG         
                config                             2007     2007        1         4

        CLASS   IDLOC          

        CLASS   EEDATA         

        CLASS   STACK          



SEGMENTS        Name                           Load    Length   Top    Selector   Space  Class     Delta

                reset_vec                      000000  000003  000003         0       0  CODE        2
                dataBANK0                      000020  000029  000049        20       1  BANK0       1
                cstackCOMMON                   000070  00000E  00007E        70       1  COMMON      1
                idataBANK0                     0004D2  000010  0004E2       9A4       0  CODE        2
                inittext                       0004E2  000013  0004F5       9C4       0  CODE        2
                text6                          0004F5  000014  000509       9EA       0  CODE        2
                text8                          000509  000017  000520       A12       0  CODE        2
                maintext                       000520  000019  000539       A40       0  CODE        2
                text3                          000539  000025  00055E       A72       0  CODE        2
                text7                          00055E  00005C  0005BA       ABC       0  CODE        2
                text1                          0005BA  000062  00061C       B74       0  CODE        2
                text4                          00061C  000067  000683       C38       0  CODE        2
                text5                          000683  00006E  0006F1       D06       0  CODE        2
                text2                          0006F1  0000F0  0007E1       DE2       0  CODE        2
                cinit                          0007E1  00001F  000800       FC2       0  CODE        2


UNUSED ADDRESS RANGES

        Name                Unused          Largest block    Delta
        BANK0            0049-006F             27           1
        BANK1            00A0-00EF             50           1
        BANK2            0110-016F             60           1
        BANK3            0190-01EF             60           1
        CODE             0003-04D1            4CF           2
                         0800-1FFF            800
        CONST            0003-04D1            100           2
                         0800-1FFF            100
        EEDATA           2100-21FF            100           2
        ENTRY            0003-04D1            100           2
                         0800-1FFF            100
        IDLOC            2000-2003              4           2
        RAM              0049-006F             27           1
                         00A0-00EF             50
                         0110-016F             60
                         0190-01EF             60
        SFR0             0000-001F             20           1
        SFR1             0080-009F             20           1
        SFR2             0100-010F             10           1
        SFR3             0180-018F             10           1
        STRCODE          0003-04D1            4CF           2
                         0800-1FFF           1800
        STRING           0003-04D1            100           2
                         0800-1FFF            100

                                  Symbol Table

?___awdiv                  cstackCOMMON 0076
?___wmul                   cstackCOMMON 0070
Lcd_displaydata@data       cstackCOMMON 0072
Lcd_instruction@cmd        cstackCOMMON 0072
Splitingcharacter@speed    cstackBANK0  003D
_Configuration             text7        055E
_ContentPrint              text5        0683
_Lcd_displaydata           text6        04F5
_Lcd_instruction           text8        0509
_OPTION_REG                (abs)        0081
_PORTB                     (abs)        0006
_PORTC                     (abs)        0007
_PORTD                     (abs)        0008
_Scanninginput             text1        05BA
_Splitingcharacter         text2        06F1
_TRISB                     (abs)        0086
_TRISC                     (abs)        0087
_TRISD                     (abs)        0088
__H__absolute__            __absolute__ 0000
__Habs1                    abs1         0000
__Hbank0                   bank0        0000
__Hbank1                   bank1        0000
__Hbank2                   bank2        0000
__Hbank3                   bank3        0000
__HbssBANK0                bssBANK0     0000
__Hcinit                   cinit        0800
__Hclrtext                 clrtext      0000
__Hcode                    code         0000
__Hcommon                  common       0000
__Hconfig                  config       2008
__HcstackBANK0             cstackBANK0  0000
__HcstackCOMMON            cstackCOMMON 0000
__HdataBANK0               dataBANK0    0000
__Heeprom_data             eeprom_data  0000
__Hend_init                end_init     0003
__Hfunctab                 functab      0000
__HidataBANK0              idataBANK0   0000
__Hinit                    init         0000
__Hinittext                inittext     0000
__Hintentry                intentry     0000
__Hmaintext                maintext     0000
__Hpowerup                 powerup      0000
__Hram                     ram          0000
__Hreset_vec               reset_vec    0000
__Hsfr0                    sfr0         0000
__Hsfr1                    sfr1         0000
__Hsfr2                    sfr2         0000
__Hsfr3                    sfr3         0000
__Hspace_0                 (abs)        0800
__Hspace_1                 (abs)        007E
__Hspace_2                 (abs)        0000
__Hspace_3                 (abs)        0000
__Hspace_4                 (abs)        400F
__Hstack                   stack        0000
__Hstrings                 strings      0000
__Htext                    text         0000
__L__absolute__            __absolute__ 0000
__Labs1                    abs1         0000
__Lbank0                   bank0        0000
__Lbank1                   bank1        0000
__Lbank2                   bank2        0000
__Lbank3                   bank3        0000
__LbssBANK0                bssBANK0     0000
__Lcinit                   cinit        07E1
__Lclrtext                 clrtext      0000
__Lcode                    code         0000
__Lcommon                  common       0000
__Lconfig                  config       0000
__LcstackBANK0             cstackBANK0  0000
__LcstackCOMMON            cstackCOMMON 0000
__LdataBANK0               dataBANK0    0000
__Leeprom_data             eeprom_data  0000
__Lend_init                end_init     0000
__Lfunctab                 functab      0000
__LidataBANK0              idataBANK0   0000
__Linit                    init         0000
__Linittext                inittext     0000
__Lintentry                intentry     0000
__Lmaintext                maintext     0000
__Lpowerup                 powerup      0000
__Lram                     ram          0000
__Lreset_vec               reset_vec    0000
__Lsfr0                    sfr0         0000
__Lsfr1                    sfr1         0000
__Lsfr2                    sfr2         0000
__Lsfr3                    sfr3         0000
__Lspace_0                 (abs)        0000
__Lspace_1                 (abs)        0000
__Lspace_2                 (abs)        0000
__Lspace_3                 (abs)        0000
__Lspace_4                 (abs)        0000
__Lstack                   stack        0000
__Lstrings                 strings      0000
__Ltext                    text         0000
__S0                       (abs)        0800
__S1                       (abs)        007E
__S3                       (abs)        0000
___awdiv                   text4        061C
___awdiv@counter           cstackCOMMON 007A
___awdiv@dividend          cstackCOMMON 0078
___awdiv@divisor           cstackCOMMON 0076
___awdiv@quotient          cstackCOMMON 007C
___awdiv@sign              cstackCOMMON 007B
___int_sp                  stack        0000
___latbits                 (abs)        0002
___sp                      stack        0000
___stackhi                 (abs)        0000
___stacklo                 (abs)        0000
___wmul                    text3        0539
___wmul@multiplicand       cstackCOMMON 0072
___wmul@multiplier         cstackCOMMON 0070
___wmul@product            cstackCOMMON 0074
__end_of_Configuration     text7        05BA
__end_of_ContentPrint      text5        06F1
__end_of_Lcd_displaydata   text6        0509
__end_of_Lcd_instruction   text8        0520
__end_of_Scanninginput     text1        061C
__end_of_Splitingcharacter text2        07E1
__end_of___awdiv           text4        0683
__end_of___wmul            text3        055E
__end_of__initialization   cinit        07FC
__end_of_main              maintext     0539
__initialization           cinit        07E1
__pbssBANK0                bssBANK0     0030
__pcstackBANK0             cstackBANK0  003D
__pcstackCOMMON            cstackCOMMON 0070
__pdataBANK0               dataBANK0    0020
__pidataBANK0              idataBANK0   04D2
__pmaintext                maintext     0520
__ptext1                   text1        05BA
__ptext2                   text2        06F1
__ptext3                   text3        0539
__ptext4                   text4        061C
__ptext5                   text5        0683
__ptext6                   text6        04F5
__ptext7                   text7        055E
__ptext8                   text8        0509
_array                     dataBANK0    0020
_d1                        bssBANK0     0036
_d2                        bssBANK0     0034
_d3                        bssBANK0     0032
_d4                        bssBANK0     0030
_i                         bssBANK0     003A
_input                     bssBANK0     003C
_main                      maintext     0520
_speed                     bssBANK0     0038
btemp                      (abs)        007E
end_of_initialization      cinit        07FC
init_fetch0                inittext     04E2
init_ram0                  inittext     04E6
intlevel0                  functab      0000
intlevel1                  functab      0000
intlevel2                  functab      0000
intlevel3                  functab      0000
intlevel4                  functab      0000
intlevel5                  functab      0000
reset_vec                  reset_vec    0000
start                      init         0000
start_initialization       cinit        07E1
wtemp0                     (abs)        007E


MODULE INFORMATION

Module		Function		Class		Link	Load	Size
C:\Program Files\Microchip\xc8\v2.41\pic\sources\c90\common\Umul16.c
		___wmul        		CODE           	0539	0000	37

C:\Program Files\Microchip\xc8\v2.41\pic\sources\c90\common\Umul16.c estimated size: 37

Rpm_.c
		_Lcd_instruction		CODE           	0509	0000	23
		_Splitingcharacter		CODE           	06F1	0000	240
		_main          		CODE           	0520	0000	25
		_Lcd_displaydata		CODE           	04F5	0000	20
		_Scanninginput 		CODE           	05BA	0000	98
		_Configuration 		CODE           	055E	0000	92
		_ContentPrint  		CODE           	0683	0000	110

Rpm_.c estimated size: 608

C:\Program Files\Microchip\xc8\v2.41\pic\sources\c90\common\awdiv.c
		___awdiv       		CODE           	061C	0000	103

C:\Program Files\Microchip\xc8\v2.41\pic\sources\c90\common\awdiv.c estimated size: 103

shared
		__initialization		CODE           	07E1	0000	27

shared estimated size: 27

